2026-09-23 16:19:01,918 INFO apscheduler.scheduler: Adding job tentatively -- it will be properly scheduled when the scheduler starts
2026-09-23 16:19:01,933 INFO apscheduler.scheduler: Adding job tentatively -- it will be properly scheduled when the scheduler starts
2026-09-23 16:19:01,934 INFO __main__: Bot starting (mode=polling)...
2026-09-23 16:19:02,261 INFO httpx: HTTP Request: POST https://api.telegram.org/bot8819716133:AAERtLdfg3NeANLYR7-HbGweDuP2954sr08/getMe "HTTP/1.1 200 OK"
2026-09-23 16:19:02,334 INFO httpx: HTTP Request: POST https://api.telegram.org/bot8819716133:AAERtLdfg3NeANLYR7-HbGweDuP2954sr08/deleteWebhook "HTTP/1.1 200 OK"
2026-09-23 16:19:02,339 INFO apscheduler.scheduler: Added job "check_alerts" to job store "default"
2026-09-23 16:19:02,340 INFO apscheduler.scheduler: Added job "daily_digest" to job store "default"
2026-09-23 16:19:02,340 INFO apscheduler.scheduler: Scheduler started
2026-09-23 16:19:02,340 INFO telegram.ext.Application: Application started
2026-09-23 16:19:11,928 INFO apscheduler.executors.default: Running job "check_alerts (trigger: interval[0:15:00], next run at: 2026-09-23 13:34:11 UTC)" (scheduled at 2026-09-23 13:19:11.914663+00:00)
2026-09-23 16:19:11,948 INFO apscheduler.executors.default: Job "check_alerts (trigger: interval[0:15:00], next run at: 2026-09-23 13:34:11 UTC)" executed successfully
2026-09-23 16:19:12,542 INFO httpx: HTTP Request: POST https://api.telegram.org/bot8819716133:AAERtLdfg3NeANLYR7-HbGweDuP2954sr08/getUpdates "HTTP/1.1 200 OK"
2026-09-23 16:19:22,611 INFO httpx: HTTP Request: POST https://api.telegram.org/bot8819716133:AAERtLdfg3NeANLYR7-HbGweDuP2954sr08/getUpdates "HTTP/1.1 200 OK"
2026-09-23 16:19:32,679 INFO httpx: HTTP Request: POST https://api.telegram.org/bot8819716133:AAERtLdfg3NeANLYR7-HbGweDuP2954sr08/getUpdates "HTTP/1.1 200 OK"
2026-09-23 16:19:42,750 INFO httpx: HTTP Request: POST https://api.telegram.org/bot8819716133:AAERtLdfg3NeANLYR7-HbGweDuP2954sr08/getUpdates "HTTP/1.1 200 OK"
2026-09-23 16:19:52,703 INFO httpx: HTTP Request: POST https://api.telegram.org/bot8819716133:AAERtLdfg3NeANLYR7-HbGweDuP2954sr08/getUpdates "HTTP/1.1 200 OK"
2026-09-23 16:19:52,979 INFO httpx: HTTP Request: POST https://api.telegram.org/bot8819716133:AAERtLdfg3NeANLYR7-HbGweDuP2954sr08/answerCallbackQuery "HTTP/1.1 200 OK"
2026-09-23 16:19:53,148 INFO httpx: HTTP Request: POST https://api.telegram.org/bot8819716133:AAERtLdfg3NeANLYR7-HbGweDuP2954sr08/sendMessage "HTTP/1.1 200 OK"
2026-09-23 16:20:02,785 INFO httpx: HTTP Request: POST https://api.telegram.org/bot8819716133:AAERtLdfg3NeANLYR7-HbGweDuP2954sr08/getUpdates "HTTP/1.1 200 OK"
2026-09-23 16:20:12,859 INFO httpx: HTTP Request: POST https://api.telegram.org/bot8819716133:AAERtLdfg3NeANLYR7-HbGweDuP2954sr08/getUpdates "HTTP/1.1 200 OK"
2026-09-23 16:20:22,928 INFO httpx: HTTP Request: POST https://api.telegram.org/bot8819716133:AAERtLdfg3NeANLYR7-HbGweDuP2954sr08/getUpdates "HTTP/1.1 200 OK"
2026-09-23 16:20:33,008 INFO httpx: HTTP Request: POST https://api.telegram.org/bot8819716133:AAERtLdfg3NeANLYR7-HbGweDuP2954sr08/getUpdates "HTTP/1.1 200 OK"
2026-09-23 16:20:33,867 INFO httpx: HTTP Request: POST https://api.telegram.org/bot8819716133:AAERtLdfg3NeANLYR7-HbGweDuP2954sr08/getUpdates "HTTP/1.1 200 OK"
2026-09-23 16:20:34,191 INFO httpx: HTTP Request: POST https://api.telegram.org/bot8819716133:AAERtLdfg3NeANLYR7-HbGweDuP2954sr08/sendMessage "HTTP/1.1 200 OK"
2026-09-23 16:20:34,288 INFO httpx: HTTP Request: POST https://api.telegram.org/bot8819716133:AAERtLdfg3NeANLYR7-HbGweDuP2954sr08/sendChatAction "HTTP/1.1 200 OK"
2026-09-23 16:20:37,446 INFO httpx: HTTP Request: POST https://api.telegram.org/bot8819716133:AAERtLdfg3NeANLYR7-HbGweDuP2954sr08/deleteMessage "HTTP/1.1 200 OK"
2026-09-23 16:20:37,598 INFO httpx: HTTP Request: POST https://api.telegram.org/bot8819716133:AAERtLdfg3NeANLYR7-HbGweDuP2954sr08/sendMessage "HTTP/1.1 200 OK"
2026-09-23 16:20:41,569 INFO httpx: HTTP Request: POST https://api.telegram.org/bot8819716133:AAERtLdfg3NeANLYR7-HbGweDuP2954sr08/getUpdates "HTTP/1.1 200 OK"
2026-09-23 16:20:41,696 INFO httpx: HTTP Request: POST https://api.telegram.org/bot8819716133:AAERtLdfg3NeANLYR7-HbGweDuP2954sr08/answerCallbackQuery "HTTP/1.1 200 OK"
2026-09-23 16:20:41,837 INFO httpx: HTTP Request: POST https://api.telegram.org/bot8819716133:AAERtLdfg3NeANLYR7-HbGweDuP2954sr08/sendMessage "HTTP/1.1 200 OK"
2026-09-23 16:20:51,644 INFO httpx: HTTP Request: POST https://api.telegram.org/bot8819716133:AAERtLdfg3NeANLYR7-HbGweDuP2954sr08/getUpdates "HTTP/1.1 200 OK"
2026-09-23 16:21:01,720 INFO httpx: HTTP Request: POST https://api.telegram.org/bot8819716133:AAERtLdfg3NeANLYR7-HbGweDuP2954sr08/getUpdates "HTTP/1.1 200 OK"
2026-09-23 16:21:11,796 INFO httpx: HTTP Request: POST https://api.telegram.org/bot8819716133:AAERtLdfg3NeANLYR7-HbGweDuP2954sr08/getUpdates "HTTP/1.1 200 OK"
2026-09-23 16:21:21,884 INFO httpx: HTTP Request: POST https://api.telegram.org/bot8819716133:AAERtLdfg3NeANLYR7-HbGweDuP2954sr08/getUpdates "HTTP/1.1 200 OK"
2026-09-23 16:21:31,957 INFO httpx: HTTP Request: POST https://api.telegram.org/bot8819716133:AAERtLdfg3NeANLYR7-HbGweDuP2954sr08/getUpdates "HTTP/1.1 200 OK"
2026-09-23 16:21:42,030 INFO httpx: HTTP Request: POST https://api.telegram.org/bot8819716133:AAERtLdfg3NeANLYR7-HbGweDuP2954sr08/getUpdates "HTTP/1.1 200 OK"
2026-09-23 16:21:50,376 INFO httpx: HTTP Request: POST https://api.telegram.org/bot8819716133:AAERtLdfg3NeANLYR7-HbGweDuP2954sr08/getUpdates "HTTP/1.1 200 OK"
2026-09-23 16:22:00,448 INFO httpx: HTTP Request: POST https://api.telegram.org/bot8819716133:AAERtLdfg3NeANLYR7-HbGweDuP2954sr08/getUpdates "HTTP/1.1 200 OK"
2026-09-23 16:22:10,521 INFO httpx: HTTP Request: POST https://api.telegram.org/bot8819716133:AAERtLdfg3NeANLYR7-HbGweDuP2954sr08/getUpdates "HTTP/1.1 200 OK"
2026-09-23 16:22:20,593 INFO httpx: HTTP Request: POST https://api.telegram.org/bot8819716133:AAERtLdfg3NeANLYR7-HbGweDuP2954sr08/getUpdates "HTTP/1.1 200 OK"
2026-09-23 16:22:30,661 INFO httpx: HTTP Request: POST https://api.telegram.org/bot8819716133:AAERtLdfg3NeANLYR7-HbGweDuP2954sr08/getUpdates "HTTP/1.1 200 OK"
2026-09-23 16:22:40,727 INFO httpx: HTTP Request: POST https://api.telegram.org/bot8819716133:AAERtLdfg3NeANLYR7-HbGweDuP2954sr08/getUpdates "HTTP/1.1 200 OK"
2026-09-23 16:22:50,794 INFO httpx: HTTP Request: POST https://api.telegram.org/bot8819716133:AAERtLdfg3NeANLYR7-HbGweDuP2954sr08/getUpdates "HTTP/1.1 200 OK"
2026-09-23 16:23:00,867 INFO httpx: HTTP Request: POST https://api.telegram.org/bot8819716133:AAERtLdfg3NeANLYR7-HbGweDuP2954sr08/getUpdates "HTTP/1.1 200 OK"
2026-09-23 16:23:10,939 INFO httpx: HTTP Request: POST https://api.telegram.org/bot8819716133:AAERtLdfg3NeANLYR7-HbGweDuP2954sr08/getUpdates "HTTP/1.1 200 OK"
2026-09-23 16:23:21,010 INFO httpx: HTTP Request: POST https://api.telegram.org/bot8819716133:AAERtLdfg3NeANLYR7-HbGweDuP2954sr08/getUpdates "HTTP/1.1 200 OK"
2026-09-23 16:23:31,080 INFO httpx: HTTP Request: POST https://api.telegram.org/bot8819716133:AAERtLdfg3NeANLYR7-HbGweDuP2954sr08/getUpdates "HTTP/1.1 200 OK"
2026-09-23 16:23:41,154 INFO httpx: HTTP Request: POST https://api.telegram.org/bot8819716133:AAERtLdfg3NeANLYR7-HbGweDuP2954sr08/getUpdates "HTTP/1.1 200 OK"
2026-09-23 16:23:51,226 INFO httpx: HTTP Request: POST https://api.telegram.org/bot8819716133:AAERtLdfg3NeANLYR7-HbGweDuP2954sr08/getUpdates "HTTP/1.1 200 OK"
2026-09-23 16:24:01,297 INFO httpx: HTTP Request: POST https://api.telegram.org/bot8819716133:AAERtLdfg3NeANLYR7-HbGweDuP2954sr08/getUpdates "HTTP/1.1 200 OK"
2026-09-23 16:24:11,365 INFO httpx: HTTP Request: POST https://api.telegram.org/bot8819716133:AAERtLdfg3NeANLYR7-HbGweDuP2954sr08/getUpdates "HTTP/1.1 200 OK"
2026-09-23 16:24:21,436 INFO httpx: HTTP Request: POST https://api.telegram.org/bot8819716133:AAERtLdfg3NeANLYR7-HbGweDuP2954sr08/getUpdates "HTTP/1.1 200 OK"
2026-09-23 16:24:31,514 INFO httpx: HTTP Request: POST https://api.telegram.org/bot8819716133:AAERtLdfg3NeANLYR7-HbGweDuP2954sr08/getUpdates "HTTP/1.1 200 OK"
2026-09-23 16:24:41,593 INFO httpx: HTTP Request: POST https://api.telegram.org/bot8819716133:AAERtLdfg3NeANLYR7-HbGweDuP2954sr08/getUpdates "HTTP/1.1 200 OK"
2026-09-23 16:24:51,661 INFO httpx: HTTP Request: POST https://api.telegram.org/bot8819716133:AAERtLdfg3NeANLYR7-HbGweDuP2954sr08/getUpdates "HTTP/1.1 200 OK"
2026-09-23 16:25:01,735 INFO httpx: HTTP Request: POST https://api.telegram.org/bot8819716133:AAERtLdfg3NeANLYR7-HbGweDuP2954sr08/getUpdates "HTTP/1.1 200 OK"
2026-09-23 16:25:11,811 INFO httpx: HTTP Request: POST https://api.telegram.org/bot8819716133:AAERtLdfg3NeANLYR7-HbGweDuP2954sr08/getUpdates "HTTP/1.1 200 OK"
2026-09-23 16:25:21,882 INFO httpx: HTTP Request: POST https://api.telegram.org/bot8819716133:AAERtLdfg3NeANLYR7-HbGweDuP2954sr08/getUpdates "HTTP/1.1 200 OK"
2026-09-23 16:25:31,954 INFO httpx: HTTP Request: POST https://api.telegram.org/bot8819716133:AAERtLdfg3NeANLYR7-HbGweDuP2954sr08/getUpdates "HTTP/1.1 200 OK"
2026-09-23 16:25:42,028 INFO httpx: HTTP Request: POST https://api.telegram.org/bot8819716133:AAERtLdfg3NeANLYR7-HbGweDuP2954sr08/getUpdates "HTTP/1.1 200 OK"
2026-09-23 16:25:52,099 INFO httpx: HTTP Request: POST https://api.telegram.org/bot8819716133:AAERtLdfg3NeANLYR7-HbGweDuP2954sr08/getUpdates "HTTP/1.1 200 OK"
2026-09-23 16:26:02,171 INFO httpx: HTTP Request: POST https://api.telegram.org/bot8819716133:AAERtLdfg3NeANLYR7-HbGweDuP2954sr08/getUpdates "HTTP/1.1 200 OK"
2026-09-23 16:26:12,238 INFO httpx: HTTP Request: POST https://api.telegram.org/bot8819716133:AAERtLdfg3NeANLYR7-HbGweDuP2954sr08/getUpdates "HTTP/1.1 200 OK"
2026-09-23 16:26:22,314 INFO httpx: HTTP Request: POST https://api.telegram.org/bot8819716133:AAERtLdfg3NeANLYR7-HbGweDuP2954sr08/getUpdates "HTTP/1.1 200 OK"
2026-09-23 16:26:32,386 INFO httpx: HTTP Request: POST https://api.telegram.org/bot8819716133:AAERtLdfg3NeANLYR7-HbGweDuP2954sr08/getUpdates "HTTP/1.1 200 OK"
2026-09-23 16:26:42,456 INFO httpx: HTTP Request: POST https://api.telegram.org/bot8819716133:AAERtLdfg3NeANLYR7-HbGweDuP2954sr08/getUpdates "HTTP/1.1 200 OK"
2026-09-23 16:26:52,525 INFO httpx: HTTP Request: POST https://api.telegram.org/bot8819716133:AAERtLdfg3NeANLYR7-HbGweDuP2954sr08/getUpdates "HTTP/1.1 200 OK"
2026-09-23 16:27:02,594 INFO httpx: HTTP Request: POST https://api.telegram.org/bot8819716133:AAERtLdfg3NeANLYR7-HbGweDuP2954sr08/getUpdates "HTTP/1.1 200 OK"
2026-09-23 16:27:12,663 INFO httpx: HTTP Request: POST https://api.telegram.org/bot8819716133:AAERtLdfg3NeANLYR7-HbGweDuP2954sr08/getUpdates "HTTP/1.1 200 OK"
2026-09-23 16:27:22,733 INFO httpx: HTTP Request: POST https://api.telegram.org/bot8819716133:AAERtLdfg3NeANLYR7-HbGweDuP2954sr08/getUpdates "HTTP/1.1 200 OK"
2026-09-23 16:27:32,804 INFO httpx: HTTP Request: POST https://api.telegram.org/bot8819716133:AAERtLdfg3NeANLYR7-HbGweDuP2954sr08/getUpdates "HTTP/1.1 200 OK"
2026-09-23 16:27:42,883 INFO httpx: HTTP Request: POST https://api.telegram.org/bot8819716133:AAERtLdfg3NeANLYR7-HbGweDuP2954sr08/getUpdates "HTTP/1.1 200 OK"
2026-09-23 16:27:52,952 INFO httpx: HTTP Request: POST https://api.telegram.org/bot8819716133:AAERtLdfg3NeANLYR7-HbGweDuP2954sr08/getUpdates "HTTP/1.1 200 OK"
2026-09-23 16:28:03,028 INFO httpx: HTTP Request: POST https://api.telegram.org/bot8819716133:AAERtLdfg3NeANLYR7-HbGweDuP2954sr08/getUpdates "HTTP/1.1 200 OK"
2026-09-23 16:28:13,105 INFO httpx: HTTP Request: POST https://api.telegram.org/bot8819716133:AAERtLdfg3NeANLYR7-HbGweDuP2954sr08/getUpdates "HTTP/1.1 200 OK"
2026-09-23 16:28:23,177 INFO httpx: HTTP Request: POST https://api.telegram.org/bot8819716133:AAERtLdfg3NeANLYR7-HbGweDuP2954sr08/getUpdates "HTTP/1.1 200 OK"
2026-09-23 16:28:33,246 INFO httpx: HTTP Request: POST https://api.telegram.org/bot8819716133:AAERtLdfg3NeANLYR7-HbGweDuP2954sr08/getUpdates "HTTP/1.1 200 OK"
2026-09-23 16:28:43,322 INFO httpx: HTTP Request: POST https://api.telegram.org/bot8819716133:AAERtLdfg3NeANLYR7-HbGweDuP2954sr08/getUpdates "HTTP/1.1 200 OK"
2026-09-23 16:28:53,393 INFO httpx: HTTP Request: POST https://api.telegram.org/bot8819716133:AAERtLdfg3NeANLYR7-HbGweDuP2954sr08/getUpdates "HTTP/1.1 200 OK"
2026-09-23 16:29:03,467 INFO httpx: HTTP Request: POST https://api.telegram.org/bot8819716133:AAERtLdfg3NeANLYR7-HbGweDuP2954sr08/getUpdates "HTTP/1.1 200 OK"
2026-09-23 16:29:13,539 INFO httpx: HTTP Request: POST https://api.telegram.org/bot8819716133:AAERtLdfg3NeANLYR7-HbGweDuP2954sr08/getUpdates "HTTP/1.1 200 OK"
2026-09-23 16:29:23,611 INFO httpx: HTTP Request: POST https://api.telegram.org/bot8819716133:AAERtLdfg3NeANLYR7-HbGweDuP2954sr08/getUpdates "HTTP/1.1 200 OK"
2026-09-23 16:29:33,681 INFO httpx: HTTP Request: POST https://api.telegram.org/bot8819716133:AAERtLdfg3NeANLYR7-HbGweDuP2954sr08/getUpdates "HTTP/1.1 200 OK"
2026-09-23 16:29:43,753 INFO httpx: HTTP Request: POST https://api.telegram.org/bot8819716133:AAERtLdfg3NeANLYR7-HbGweDuP2954sr08/getUpdates "HTTP/1.1 200 OK"
2026-09-23 16:29:53,826 INFO httpx: HTTP Request: POST https://api.telegram.org/bot8819716133:AAERtLdfg3NeANLYR7-HbGweDuP2954sr08/getUpdates "HTTP/1.1 200 OK"
2026-09-23 16:30:03,912 INFO httpx: HTTP Request: POST https://api.telegram.org/bot8819716133:AAERtLdfg3NeANLYR7-HbGweDuP2954sr08/getUpdates "HTTP/1.1 200 OK"
2026-09-23 16:30:13,989 INFO httpx: HTTP Request: POST https://api.telegram.org/bot8819716133:AAERtLdfg3NeANLYR7-HbGweDuP2954sr08/getUpdates "HTTP/1.1 200 OK"
2026-09-23 16:30:24,111 INFO httpx: HTTP Request: POST https://api.telegram.org/bot8819716133:AAERtLdfg3NeANLYR7-HbGweDuP2954sr08/getUpdates "HTTP/1.1 200 OK"
2026-09-23 16:30:34,181 INFO httpx: HTTP Request: POST https://api.telegram.org/bot8819716133:AAERtLdfg3NeANLYR7-HbGweDuP2954sr08/getUpdates "HTTP/1.1 200 OK"
2026-09-23 16:30:44,254 INFO httpx: HTTP Request: POST https://api.telegram.org/bot8819716133:AAERtLdfg3NeANLYR7-HbGweDuP2954sr08/getUpdates "HTTP/1.1 200 OK"
2026-09-23 16:30:54,325 INFO httpx: HTTP Request: POST https://api.telegram.org/bot8819716133:AAERtLdfg3NeANLYR7-HbGweDuP2954sr08/getUpdates "HTTP/1.1 200 OK"
2026-09-23 16:31:04,398 INFO httpx: HTTP Request: POST https://api.telegram.org/bot8819716133:AAERtLdfg3NeANLYR7-HbGweDuP2954sr08/getUpdates "HTTP/1.1 200 OK"
2026-09-23 16:31:14,467 INFO httpx: HTTP Request: POST https://api.telegram.org/bot8819716133:AAERtLdfg3NeANLYR7-HbGweDuP2954sr08/getUpdates "HTTP/1.1 200 OK"
2026-09-23 16:31:24,538 INFO httpx: HTTP Request: POST https://api.telegram.org/bot8819716133:AAERtLdfg3NeANLYR7-HbGweDuP2954sr08/getUpdates "HTTP/1.1 200 OK"
2026-09-23 16:31:34,608 INFO httpx: HTTP Request: POST https://api.telegram.org/bot8819716133:AAERtLdfg3NeANLYR7-HbGweDuP2954sr08/getUpdates "HTTP/1.1 200 OK"
2026-09-23 16:31:44,686 INFO httpx: HTTP Request: POST https://api.telegram.org/bot8819716133:AAERtLdfg3NeANLYR7-HbGweDuP2954sr08/getUpdates "HTTP/1.1 200 OK"
2026-09-23 16:31:54,758 INFO httpx: HTTP Request: POST https://api.telegram.org/bot8819716133:AAERtLdfg3NeANLYR7-HbGweDuP2954sr08/getUpdates "HTTP/1.1 200 OK"
2026-09-23 16:32:04,829 INFO httpx: HTTP Request: POST https://api.telegram.org/bot8819716133:AAERtLdfg3NeANLYR7-HbGweDuP2954sr08/getUpdates "HTTP/1.1 200 OK"
2026-09-23 16:32:14,899 INFO httpx: HTTP Request: POST https://api.telegram.org/bot8819716133:AAERtLdfg3NeANLYR7-HbGweDuP2954sr08/getUpdates "HTTP/1.1 200 OK"
2026-09-23 16:32:24,968 INFO httpx: HTTP Request: POST https://api.telegram.org/bot8819716133:AAERtLdfg3NeANLYR7-HbGweDuP2954sr08/getUpdates "HTTP/1.1 200 OK"
2026-09-23 16:32:35,039 INFO httpx: HTTP Request: POST https://api.telegram.org/bot8819716133:AAERtLdfg3NeANLYR7-HbGweDuP2954sr08/getUpdates "HTTP/1.1 200 OK"
2026-09-23 16:32:45,116 INFO httpx: HTTP Request: POST https://api.telegram.org/bot8819716133:AAERtLdfg3NeANLYR7-HbGweDuP2954sr08/getUpdates "HTTP/1.1 200 OK"
2026-09-23 16:32:55,188 INFO httpx: HTTP Request: POST https://api.telegram.org/bot8819716133:AAERtLdfg3NeANLYR7-HbGweDuP2954sr08/getUpdates "HTTP/1.1 200 OK"
2026-09-23 16:33:05,264 INFO httpx: HTTP Request: POST https://api.telegram.org/bot8819716133:AAERtLdfg3NeANLYR7-HbGweDuP2954sr08/getUpdates "HTTP/1.1 200 OK"
2026-09-23 16:33:15,349 INFO httpx: HTTP Request: POST https://api.telegram.org/bot8819716133:AAERtLdfg3NeANLYR7-HbGweDuP2954sr08/getUpdates "HTTP/1.1 200 OK"
2026-09-23 16:33:25,420 INFO httpx: HTTP Request: POST https://api.telegram.org/bot8819716133:AAERtLdfg3NeANLYR7-HbGweDuP2954sr08/getUpdates "HTTP/1.1 200 OK"
2026-09-23 16:33:35,494 INFO httpx: HTTP Request: POST https://api.telegram.org/bot8819716133:AAERtLdfg3NeANLYR7-HbGweDuP2954sr08/getUpdates "HTTP/1.1 200 OK"
2026-09-23 16:33:45,565 INFO httpx: HTTP Request: POST https://api.telegram.org/bot8819716133:AAERtLdfg3NeANLYR7-HbGweDuP2954sr08/getUpdates "HTTP/1.1 200 OK"
2026-09-23 16:33:55,634 INFO httpx: HTTP Request: POST https://api.telegram.org/bot8819716133:AAERtLdfg3NeANLYR7-HbGweDuP2954sr08/getUpdates "HTTP/1.1 200 OK"
2026-09-23 16:34:05,704 INFO httpx: HTTP Request: POST https://api.telegram.org/bot8819716133:AAERtLdfg3NeANLYR7-HbGweDuP2954sr08/getUpdates "HTTP/1.1 200 OK"
2026-09-23 16:34:11,919 INFO apscheduler.executors.default: Running job "check_alerts (trigger: interval[0:15:00], next run at: 2026-09-23 13:49:11 UTC)" (scheduled at 2026-09-23 13:34:11.914663+00:00)
2026-09-23 16:34:11,923 INFO apscheduler.executors.default: Job "check_alerts (trigger: interval[0:15:00], next run at: 2026-09-23 13:49:11 UTC)" executed successfully
2026-09-23 16:34:15,777 INFO httpx: HTTP Request: POST https://api.telegram.org/bot8819716133:AAERtLdfg3NeANLYR7-HbGweDuP2954sr08/getUpdates "HTTP/1.1 200 OK"
2026-09-23 16:34:25,851 INFO httpx: HTTP Request: POST https://api.telegram.org/bot8819716133:AAERtLdfg3NeANLYR7-HbGweDuP2954sr08/getUpdates "HTTP/1.1 200 OK"
2026-09-23 16:34:35,932 INFO httpx: HTTP Request: POST https://api.telegram.org/bot8819716133:AAERtLdfg3NeANLYR7-HbGweDuP2954sr08/getUpdates "HTTP/1.1 200 OK"
2026-09-23 16:34:46,003 INFO httpx: HTTP Request: POST https://api.telegram.org/bot8819716133:AAERtLdfg3NeANLYR7-HbGweDuP2954sr08/getUpdates "HTTP/1.1 200 OK"
2026-09-23 16:34:56,073 INFO httpx: HTTP Request: POST https://api.telegram.org/bot8819716133:AAERtLdfg3NeANLYR7-HbGweDuP2954sr08/getUpdates "HTTP/1.1 200 OK"
2026-09-23 16:35:06,146 INFO httpx: HTTP Request: POST https://api.telegram.org/bot8819716133:AAERtLdfg3NeANLYR7-HbGweDuP2954sr08/getUpdates "HTTP/1.1 200 OK"
2026-09-23 16:35:16,220 INFO httpx: HTTP Request: POST https://api.telegram.org/bot8819716133:AAERtLdfg3NeANLYR7-HbGweDuP2954sr08/getUpdates "HTTP/1.1 200 OK"
2026-09-23 16:35:26,298 INFO httpx: HTTP Request: POST https://api.telegram.org/bot8819716133:AAERtLdfg3NeANLYR7-HbGweDuP2954sr08/getUpdates "HTTP/1.1 200 OK"
2026-09-23 16:35:36,375 INFO httpx: HTTP Request: POST https://api.telegram.org/bot8819716133:AAERtLdfg3NeANLYR7-HbGweDuP2954sr08/getUpdates "HTTP/1.1 200 OK"
2026-09-23 16:35:46,442 INFO httpx: HTTP Request: POST https://api.telegram.org/bot8819716133:AAERtLdfg3NeANLYR7-HbGweDuP2954sr08/getUpdates "HTTP/1.1 200 OK"
2026-09-23 16:35:56,517 INFO httpx: HTTP Request: POST https://api.telegram.org/bot8819716133:AAERtLdfg3NeANLYR7-HbGweDuP2954sr08/getUpdates "HTTP/1.1 200 OK"
2026-09-23 16:36:06,592 INFO httpx: HTTP Request: POST https://api.telegram.org/bot8819716133:AAERtLdfg3NeANLYR7-HbGweDuP2954sr08/getUpdates "HTTP/1.1 200 OK"
2026-09-23 16:36:16,683 INFO httpx: HTTP Request: POST https://api.telegram.org/bot8819716133:AAERtLdfg3NeANLYR7-HbGweDuP2954sr08/getUpdates "HTTP/1.1 200 OK"
2026-09-23 16:36:26,886 INFO httpx: HTTP Request: POST https://api.telegram.org/bot8819716133:AAERtLdfg3NeANLYR7-HbGweDuP2954sr08/getUpdates "HTTP/1.1 200 OK"
2026-09-23 16:36:36,955 INFO httpx: HTTP Request: POST https://api.telegram.org/bot8819716133:AAERtLdfg3NeANLYR7-HbGweDuP2954sr08/getUpdates "HTTP/1.1 200 OK"
2026-09-23 16:36:47,025 INFO httpx: HTTP Request: POST https://api.telegram.org/bot8819716133:AAERtLdfg3NeANLYR7-HbGweDuP2954sr08/getUpdates "HTTP/1.1 200 OK"
2026-09-23 16:36:57,103 INFO httpx: HTTP Request: POST https://api.telegram.org/bot8819716133:AAERtLdfg3NeANLYR7-HbGweDuP2954sr08/getUpdates "HTTP/1.1 200 OK"
2026-09-23 16:37:07,173 INFO httpx: HTTP Request: POST https://api.telegram.org/bot8819716133:AAERtLdfg3NeANLYR7-HbGweDuP2954sr08/getUpdates "HTTP/1.1 200 OK"
2026-09-23 16:37:17,245 INFO httpx: HTTP Request: POST https://api.telegram.org/bot8819716133:AAERtLdfg3NeANLYR7-HbGweDuP2954sr08/getUpdates "HTTP/1.1 200 OK"
2026-09-23 16:37:27,317 INFO httpx: HTTP Request: POST https://api.telegram.org/bot8819716133:AAERtLdfg3NeANLYR7-HbGweDuP2954sr08/getUpdates "HTTP/1.1 200 OK"
2026-09-23 16:37:37,400 INFO httpx: HTTP Request: POST https://api.telegram.org/bot8819716133:AAERtLdfg3NeANLYR7-HbGweDuP2954sr08/getUpdates "HTTP/1.1 200 OK"
2026-09-23 16:37:47,470 INFO httpx: HTTP Request: POST https://api.telegram.org/bot8819716133:AAERtLdfg3NeANLYR7-HbGweDuP2954sr08/getUpdates "HTTP/1.1 200 OK"
2026-09-23 16:37:57,541 INFO httpx: HTTP Request: POST https://api.telegram.org/bot8819716133:AAERtLdfg3NeANLYR7-HbGweDuP2954sr08/getUpdates "HTTP/1.1 200 OK"
2026-09-23 16:38:07,611 INFO httpx: HTTP Request: POST https://api.telegram.org/bot8819716133:AAERtLdfg3NeANLYR7-HbGweDuP2954sr08/getUpdates "HTTP/1.1 200 OK"
2026-09-23 16:38:17,799 INFO httpx: HTTP Request: POST https://api.telegram.org/bot8819716133:AAERtLdfg3NeANLYR7-HbGweDuP2954sr08/getUpdates "HTTP/1.1 200 OK"
2026-09-23 16:38:27,869 INFO httpx: HTTP Request: POST https://api.telegram.org/bot8819716133:AAERtLdfg3NeANLYR7-HbGweDuP2954sr08/getUpdates "HTTP/1.1 200 OK"
2026-09-23 16:38:37,941 INFO httpx: HTTP Request: POST https://api.telegram.org/bot8819716133:AAERtLdfg3NeANLYR7-HbGweDuP2954sr08/getUpdates "HTTP/1.1 200 OK"
2026-09-23 16:38:48,015 INFO httpx: HTTP Request: POST https://api.telegram.org/bot8819716133:AAERtLdfg3NeANLYR7-HbGweDuP2954sr08/getUpdates "HTTP/1.1 200 OK"
2026-09-23 16:38:58,087 INFO httpx: HTTP Request: POST https://api.telegram.org/bot8819716133:AAERtLdfg3NeANLYR7-HbGweDuP2954sr08/getUpdates "HTTP/1.1 200 OK"
2026-09-23 16:39:08,157 INFO httpx: HTTP Request: POST https://api.telegram.org/bot8819716133:AAERtLdfg3NeANLYR7-HbGweDuP2954sr08/getUpdates "HTTP/1.1 200 OK"
2026-09-23 16:39:18,234 INFO httpx: HTTP Request: POST https://api.telegram.org/bot8819716133:AAERtLdfg3NeANLYR7-HbGweDuP2954sr08/getUpdates "HTTP/1.1 200 OK"
2026-09-23 16:39:28,305 INFO httpx: HTTP Request: POST https://api.telegram.org/bot8819716133:AAERtLdfg3NeANLYR7-HbGweDuP2954sr08/getUpdates "HTTP/1.1 200 OK"
2026-09-23 16:39:38,378 INFO httpx: HTTP Request: POST https://api.telegram.org/bot8819716133:AAERtLdfg3NeANLYR7-HbGweDuP2954sr08/getUpdates "HTTP/1.1 200 OK"
2026-09-23 16:39:48,452 INFO httpx: HTTP Request: POST https://api.telegram.org/bot8819716133:AAERtLdfg3NeANLYR7-HbGweDuP2954sr08/getUpdates "HTTP/1.1 200 OK"
2026-09-23 16:39:58,526 INFO httpx: HTTP Request: POST https://api.telegram.org/bot8819716133:AAERtLdfg3NeANLYR7-HbGweDuP2954sr08/getUpdates "HTTP/1.1 200 OK"
2026-09-23 16:40:08,595 INFO httpx: HTTP Request: POST https://api.telegram.org/bot8819716133:AAERtLdfg3NeANLYR7-HbGweDuP2954sr08/getUpdates "HTTP/1.1 200 OK"
2026-09-23 16:40:18,665 INFO httpx: HTTP Request: POST https://api.telegram.org/bot8819716133:AAERtLdfg3NeANLYR7-HbGweDuP2954sr08/getUpdates "HTTP/1.1 200 OK"
2026-09-23 16:40:28,732 INFO httpx: HTTP Request: POST https://api.telegram.org/bot8819716133:AAERtLdfg3NeANLYR7-HbGweDuP2954sr08/getUpdates "HTTP/1.1 200 OK"
2026-09-23 16:40:38,799 INFO httpx: HTTP Request: POST https://api.telegram.org/bot8819716133:AAERtLdfg3NeANLYR7-HbGweDuP2954sr08/getUpdates "HTTP/1.1 200 OK"
2026-09-23 16:40:48,869 INFO httpx: HTTP Request: POST https://api.telegram.org/bot8819716133:AAERtLdfg3NeANLYR7-HbGweDuP2954sr08/getUpdates "HTTP/1.1 200 OK"
2026-09-23 16:40:58,941 INFO httpx: HTTP Request: POST https://api.telegram.org/bot8819716133:AAERtLdfg3NeANLYR7-HbGweDuP2954sr08/getUpdates "HTTP/1.1 200 OK"
2026-09-23 16:41:09,014 INFO httpx: HTTP Request: POST https://api.telegram.org/bot8819716133:AAERtLdfg3NeANLYR7-HbGweDuP2954sr08/getUpdates "HTTP/1.1 200 OK"
2026-09-23 16:41:19,095 INFO httpx: HTTP Request: POST https://api.telegram.org/bot8819716133:AAERtLdfg3NeANLYR7-HbGweDuP2954sr08/getUpdates "HTTP/1.1 200 OK"
2026-09-23 16:41:29,167 INFO httpx: HTTP Request: POST https://api.telegram.org/bot8819716133:AAERtLdfg3NeANLYR7-HbGweDuP2954sr08/getUpdates "HTTP/1.1 200 OK"
2026-09-23 16:41:39,240 INFO httpx: HTTP Request: POST https://api.telegram.org/bot8819716133:AAERtLdfg3NeANLYR7-HbGweDuP2954sr08/getUpdates "HTTP/1.1 200 OK"
2026-09-23 16:41:49,310 INFO httpx: HTTP Request: POST https://api.telegram.org/bot8819716133:AAERtLdfg3NeANLYR7-HbGweDuP2954sr08/getUpdates "HTTP/1.1 200 OK"
2026-09-23 16:41:59,379 INFO httpx: HTTP Request: POST https://api.telegram.org/bot8819716133:AAERtLdfg3NeANLYR7-HbGweDuP2954sr08/getUpdates "HTTP/1.1 200 OK"
2026-09-23 16:42:09,457 INFO httpx: HTTP Request: POST https://api.telegram.org/bot8819716133:AAERtLdfg3NeANLYR7-HbGweDuP2954sr08/getUpdates "HTTP/1.1 200 OK"
2026-09-23 16:42:19,529 INFO httpx: HTTP Request: POST https://api.telegram.org/bot8819716133:AAERtLdfg3NeANLYR7-HbGweDuP2954sr08/getUpdates "HTTP/1.1 200 OK"
2026-09-23 16:42:29,599 INFO httpx: HTTP Request: POST https://api.telegram.org/bot8819716133:AAERtLdfg3NeANLYR7-HbGweDuP2954sr08/getUpdates "HTTP/1.1 200 OK"
2026-09-23 16:42:39,675 INFO httpx: HTTP Request: POST https://api.telegram.org/bot8819716133:AAERtLdfg3NeANLYR7-HbGweDuP2954sr08/getUpdates "HTTP/1.1 200 OK"
2026-09-23 16:42:49,750 INFO httpx: HTTP Request: POST https://api.telegram.org/bot8819716133:AAERtLdfg3NeANLYR7-HbGweDuP2954sr08/getUpdates "HTTP/1.1 200 OK"
2026-09-23 16:42:59,827 INFO httpx: HTTP Request: POST https://api.telegram.org/bot8819716133:AAERtLdfg3NeANLYR7-HbGweDuP2954sr08/getUpdates "HTTP/1.1 200 OK"
2026-09-23 16:43:09,898 INFO httpx: HTTP Request: POST https://api.telegram.org/bot8819716133:AAERtLdfg3NeANLYR7-HbGweDuP2954sr08/getUpdates "HTTP/1.1 200 OK"
2026-09-23 16:43:19,975 INFO httpx: HTTP Request: POST https://api.telegram.org/bot8819716133:AAERtLdfg3NeANLYR7-HbGweDuP2954sr08/getUpdates "HTTP/1.1 200 OK"
2026-09-23 16:43:30,045 INFO httpx: HTTP Request: POST https://api.telegram.org/bot8819716133:AAERtLdfg3NeANLYR7-HbGweDuP2954sr08/getUpdates "HTTP/1.1 200 OK"
2026-09-23 16:43:40,119 INFO httpx: HTTP Request: POST https://api.telegram.org/bot8819716133:AAERtLdfg3NeANLYR7-HbGweDuP2954sr08/getUpdates "HTTP/1.1 200 OK"
2026-09-23 16:43:50,200 INFO httpx: HTTP Request: POST https://api.telegram.org/bot8819716133:AAERtLdfg3NeANLYR7-HbGweDuP2954sr08/getUpdates "HTTP/1.1 200 OK"
2026-09-23 16:44:00,271 INFO httpx: HTTP Request: POST https://api.telegram.org/bot8819716133:AAERtLdfg3NeANLYR7-HbGweDuP2954sr08/getUpdates "HTTP/1.1 200 OK"
2026-09-23 16:44:10,340 INFO httpx: HTTP Request: POST https://api.telegram.org/bot8819716133:AAERtLdfg3NeANLYR7-HbGweDuP2954sr08/getUpdates "HTTP/1.1 200 OK"
2026-09-23 16:44:20,409 INFO httpx: HTTP Request: POST https://api.telegram.org/bot8819716133:AAERtLdfg3NeANLYR7-HbGweDuP2954sr08/getUpdates "HTTP/1.1 200 OK"
2026-09-23 16:44:30,481 INFO httpx: HTTP Request: POST https://api.telegram.org/bot8819716133:AAERtLdfg3NeANLYR7-HbGweDuP2954sr08/getUpdates "HTTP/1.1 200 OK"
2026-09-23 16:44:40,553 INFO httpx: HTTP Request: POST https://api.telegram.org/bot8819716133:AAERtLdfg3NeANLYR7-HbGweDuP2954sr08/getUpdates "HTTP/1.1 200 OK"
2026-09-23 16:44:50,627 INFO httpx: HTTP Request: POST https://api.telegram.org/bot8819716133:AAERtLdfg3NeANLYR7-HbGweDuP2954sr08/getUpdates "HTTP/1.1 200 OK"
2026-09-23 16:45:00,704 INFO httpx: HTTP Request: POST https://api.telegram.org/bot8819716133:AAERtLdfg3NeANLYR7-HbGweDuP2954sr08/getUpdates "HTTP/1.1 200 OK"
2026-09-23 16:45:10,860 INFO httpx: HTTP Request: POST https://api.telegram.org/bot8819716133:AAERtLdfg3NeANLYR7-HbGweDuP2954sr08/getUpdates "HTTP/1.1 200 OK"
2026-09-23 16:45:20,967 INFO httpx: HTTP Request: POST https://api.telegram.org/bot8819716133:AAERtLdfg3NeANLYR7-HbGweDuP2954sr08/getUpdates "HTTP/1.1 200 OK"
2026-09-23 16:45:31,044 INFO httpx: HTTP Request: POST https://api.telegram.org/bot8819716133:AAERtLdfg3NeANLYR7-HbGweDuP2954sr08/getUpdates "HTTP/1.1 200 OK"
2026-09-23 16:45:41,115 INFO httpx: HTTP Request: POST https://api.telegram.org/bot8819716133:AAERtLdfg3NeANLYR7-HbGweDuP2954sr08/getUpdates "HTTP/1.1 200 OK"
2026-09-23 16:45:51,185 INFO httpx: HTTP Request: POST https://api.telegram.org/bot8819716133:AAERtLdfg3NeANLYR7-HbGweDuP2954sr08/getUpdates "HTTP/1.1 200 OK"
2026-09-23 16:46:01,260 INFO httpx: HTTP Request: POST https://api.telegram.org/bot8819716133:AAERtLdfg3NeANLYR7-HbGweDuP2954sr08/getUpdates "HTTP/1.1 200 OK"
2026-09-23 16:46:11,347 INFO httpx: HTTP Request: POST https://api.telegram.org/bot8819716133:AAERtLdfg3NeANLYR7-HbGweDuP2954sr08/getUpdates "HTTP/1.1 200 OK"
2026-09-23 16:46:21,420 INFO httpx: HTTP Request: POST https://api.telegram.org/bot8819716133:AAERtLdfg3NeANLYR7-HbGweDuP2954sr08/getUpdates "HTTP/1.1 200 OK"
2026-09-23 16:46:31,489 INFO httpx: HTTP Request: POST https://api.telegram.org/bot8819716133:AAERtLdfg3NeANLYR7-HbGweDuP2954sr08/getUpdates "HTTP/1.1 200 OK"
2026-09-23 16:46:41,559 INFO httpx: HTTP Request: POST https://api.telegram.org/bot8819716133:AAERtLdfg3NeANLYR7-HbGweDuP2954sr08/getUpdates "HTTP/1.1 200 OK"
2026-09-23 16:46:51,630 INFO httpx: HTTP Request: POST https://api.telegram.org/bot8819716133:AAERtLdfg3NeANLYR7-HbGweDuP2954sr08/getUpdates "HTTP/1.1 200 OK"
2026-09-23 16:47:01,708 INFO httpx: HTTP Request: POST https://api.telegram.org/bot8819716133:AAERtLdfg3NeANLYR7-HbGweDuP2954sr08/getUpdates "HTTP/1.1 200 OK"
2026-09-23 16:47:11,780 INFO httpx: HTTP Request: POST https://api.telegram.org/bot8819716133:AAERtLdfg3NeANLYR7-HbGweDuP2954sr08/getUpdates "HTTP/1.1 200 OK"
2026-09-23 16:47:21,868 INFO httpx: HTTP Request: POST https://api.telegram.org/bot8819716133:AAERtLdfg3NeANLYR7-HbGweDuP2954sr08/getUpdates "HTTP/1.1 200 OK"
2026-09-23 16:47:31,953 INFO httpx: HTTP Request: POST https://api.telegram.org/bot8819716133:AAERtLdfg3NeANLYR7-HbGweDuP2954sr08/getUpdates "HTTP/1.1 200 OK"
2026-09-23 16:47:42,027 INFO httpx: HTTP Request: POST https://api.telegram.org/bot8819716133:AAERtLdfg3NeANLYR7-HbGweDuP2954sr08/getUpdates "HTTP/1.1 200 OK"
2026-09-23 16:47:52,094 INFO httpx: HTTP Request: POST https://api.telegram.org/bot8819716133:AAERtLdfg3NeANLYR7-HbGweDuP2954sr08/getUpdates "HTTP/1.1 200 OK"
2026-09-23 16:48:02,164 INFO httpx: HTTP Request: POST https://api.telegram.org/bot8819716133:AAERtLdfg3NeANLYR7-HbGweDuP2954sr08/getUpdates "HTTP/1.1 200 OK"
2026-09-23 16:48:12,235 INFO httpx: HTTP Request: POST https://api.telegram.org/bot8819716133:AAERtLdfg3NeANLYR7-HbGweDuP2954sr08/getUpdates "HTTP/1.1 200 OK"
2026-09-23 16:48:22,304 INFO httpx: HTTP Request: POST https://api.telegram.org/bot8819716133:AAERtLdfg3NeANLYR7-HbGweDuP2954sr08/getUpdates "HTTP/1.1 200 OK"
2026-09-23 16:48:32,382 INFO httpx: HTTP Request: POST https://api.telegram.org/bot8819716133:AAERtLdfg3NeANLYR7-HbGweDuP2954sr08/getUpdates "HTTP/1.1 200 OK"
2026-09-23 16:48:42,479 INFO httpx: HTTP Request: POST https://api.telegram.org/bot8819716133:AAERtLdfg3NeANLYR7-HbGweDuP2954sr08/getUpdates "HTTP/1.1 200 OK"
2026-09-23 16:48:52,549 INFO httpx: HTTP Request: POST https://api.telegram.org/bot8819716133:AAERtLdfg3NeANLYR7-HbGweDuP2954sr08/getUpdates "HTTP/1.1 200 OK"
2026-09-23 16:49:02,618 INFO httpx: HTTP Request: POST https://api.telegram.org/bot8819716133:AAERtLdfg3NeANLYR7-HbGweDuP2954sr08/getUpdates "HTTP/1.1 200 OK"
2026-09-23 16:49:11,924 INFO apscheduler.executors.default: Running job "check_alerts (trigger: interval[0:15:00], next run at: 2026-09-23 14:04:11 UTC)" (scheduled at 2026-09-23 13:49:11.914663+00:00)
2026-09-23 16:49:11,927 INFO apscheduler.executors.default: Job "check_alerts (trigger: interval[0:15:00], next run at: 2026-09-23 14:04:11 UTC)" executed successfully
2026-09-23 16:49:12,693 INFO httpx: HTTP Request: POST https://api.telegram.org/bot8819716133:AAERtLdfg3NeANLYR7-HbGweDuP2954sr08/getUpdates "HTTP/1.1 200 OK"
2026-09-23 16:49:22,771 INFO httpx: HTTP Request: POST https://api.telegram.org/bot8819716133:AAERtLdfg3NeANLYR7-HbGweDuP2954sr08/getUpdates "HTTP/1.1 200 OK"
2026-09-23 16:49:32,841 INFO httpx: HTTP Request: POST https://api.telegram.org/bot8819716133:AAERtLdfg3NeANLYR7-HbGweDuP2954sr08/getUpdates "HTTP/1.1 200 OK"
2026-09-23 16:49:42,913 INFO httpx: HTTP Request: POST https://api.telegram.org/bot8819716133:AAERtLdfg3NeANLYR7-HbGweDuP2954sr08/getUpdates "HTTP/1.1 200 OK"
2026-09-23 16:49:52,984 INFO httpx: HTTP Request: POST https://api.telegram.org/bot8819716133:AAERtLdfg3NeANLYR7-HbGweDuP2954sr08/getUpdates "HTTP/1.1 200 OK"
2026-09-23 16:50:03,056 INFO httpx: HTTP Request: POST https://api.telegram.org/bot8819716133:AAERtLdfg3NeANLYR7-HbGweDuP2954sr08/getUpdates "HTTP/1.1 200 OK"
2026-09-23 16:50:13,124 INFO httpx: HTTP Request: POST https://api.telegram.org/bot8819716133:AAERtLdfg3NeANLYR7-HbGweDuP2954sr08/getUpdates "HTTP/1.1 200 OK"
2026-09-23 16:50:23,195 INFO httpx: HTTP Request: POST https://api.telegram.org/bot8819716133:AAERtLdfg3NeANLYR7-HbGweDuP2954sr08/getUpdates "HTTP/1.1 200 OK"
2026-09-23 16:50:33,264 INFO httpx: HTTP Request: POST https://api.telegram.org/bot8819716133:AAERtLdfg3NeANLYR7-HbGweDuP2954sr08/getUpdates "HTTP/1.1 200 OK"
2026-09-23 16:50:43,340 INFO httpx: HTTP Request: POST https://api.telegram.org/bot8819716133:AAERtLdfg3NeANLYR7-HbGweDuP2954sr08/getUpdates "HTTP/1.1 200 OK"
2026-09-23 16:50:53,413 INFO httpx: HTTP Request: POST https://api.telegram.org/bot8819716133:AAERtLdfg3NeANLYR7-HbGweDuP2954sr08/getUpdates "HTTP/1.1 200 OK"
2026-09-23 16:51:03,483 INFO httpx: HTTP Request: POST https://api.telegram.org/bot8819716133:AAERtLdfg3NeANLYR7-HbGweDuP2954sr08/getUpdates "HTTP/1.1 200 OK"
2026-09-23 16:51:13,553 INFO httpx: HTTP Request: POST https://api.telegram.org/bot8819716133:AAERtLdfg3NeANLYR7-HbGweDuP2954sr08/getUpdates "HTTP/1.1 200 OK"
2026-09-23 16:51:23,627 INFO httpx: HTTP Request: POST https://api.telegram.org/bot8819716133:AAERtLdfg3NeANLYR7-HbGweDuP2954sr08/getUpdates "HTTP/1.1 200 OK"
2026-09-23 16:51:33,703 INFO httpx: HTTP Request: POST https://api.telegram.org/bot8819716133:AAERtLdfg3NeANLYR7-HbGweDuP2954sr08/getUpdates "HTTP/1.1 200 OK"
2026-09-23 16:51:43,787 INFO httpx: HTTP Request: POST https://api.telegram.org/bot8819716133:AAERtLdfg3NeANLYR7-HbGweDuP2954sr08/getUpdates "HTTP/1.1 200 OK"
2026-09-23 16:51:53,859 INFO httpx: HTTP Request: POST https://api.telegram.org/bot8819716133:AAERtLdfg3NeANLYR7-HbGweDuP2954sr08/getUpdates "HTTP/1.1 200 OK"
2026-09-23 16:52:03,928 INFO httpx: HTTP Request: POST https://api.telegram.org/bot8819716133:AAERtLdfg3NeANLYR7-HbGweDuP2954sr08/getUpdates "HTTP/1.1 200 OK"
2026-09-23 16:52:13,998 INFO httpx: HTTP Request: POST https://api.telegram.org/bot8819716133:AAERtLdfg3NeANLYR7-HbGweDuP2954sr08/getUpdates "HTTP/1.1 200 OK"
2026-09-23 16:52:24,066 INFO httpx: HTTP Request: POST https://api.telegram.org/bot8819716133:AAERtLdfg3NeANLYR7-HbGweDuP2954sr08/getUpdates "HTTP/1.1 200 OK"
2026-09-23 16:52:34,141 INFO httpx: HTTP Request: POST https://api.telegram.org/bot8819716133:AAERtLdfg3NeANLYR7-HbGweDuP2954sr08/getUpdates "HTTP/1.1 200 OK"
2026-09-23 16:52:44,214 INFO httpx: HTTP Request: POST https://api.telegram.org/bot8819716133:AAERtLdfg3NeANLYR7-HbGweDuP2954sr08/getUpdates "HTTP/1.1 200 OK"
2026-09-23 16:52:54,292 INFO httpx: HTTP Request: POST https://api.telegram.org/bot8819716133:AAERtLdfg3NeANLYR7-HbGweDuP2954sr08/getUpdates "HTTP/1.1 200 OK"
2026-09-23 16:53:04,366 INFO httpx: HTTP Request: POST https://api.telegram.org/bot8819716133:AAERtLdfg3NeANLYR7-HbGweDuP2954sr08/getUpdates "HTTP/1.1 200 OK"
2026-09-23 16:53:14,439 INFO httpx: HTTP Request: POST https://api.telegram.org/bot8819716133:AAERtLdfg3NeANLYR7-HbGweDuP2954sr08/getUpdates "HTTP/1.1 200 OK"
2026-09-23 16:53:24,508 INFO httpx: HTTP Request: POST https://api.telegram.org/bot8819716133:AAERtLdfg3NeANLYR7-HbGweDuP2954sr08/getUpdates "HTTP/1.1 200 OK"
2026-09-23 16:53:34,585 INFO httpx: HTTP Request: POST https://api.telegram.org/bot8819716133:AAERtLdfg3NeANLYR7-HbGweDuP2954sr08/getUpdates "HTTP/1.1 200 OK"
2026-09-23 16:53:44,655 INFO httpx: HTTP Request: POST https://api.telegram.org/bot8819716133:AAERtLdfg3NeANLYR7-HbGweDuP2954sr08/getUpdates "HTTP/1.1 200 OK"
2026-09-23 16:53:54,728 INFO httpx: HTTP Request: POST https://api.telegram.org/bot8819716133:AAERtLdfg3NeANLYR7-HbGweDuP2954sr08/getUpdates "HTTP/1.1 200 OK"
2026-09-23 16:54:04,799 INFO httpx: HTTP Request: POST https://api.telegram.org/bot8819716133:AAERtLdfg3NeANLYR7-HbGweDuP2954sr08/getUpdates "HTTP/1.1 200 OK"
2026-09-23 16:54:14,871 INFO httpx: HTTP Request: POST https://api.telegram.org/bot8819716133:AAERtLdfg3NeANLYR7-HbGweDuP2954sr08/getUpdates "HTTP/1.1 200 OK"
2026-09-23 16:54:24,942 INFO httpx: HTTP Request: POST https://api.telegram.org/bot8819716133:AAERtLdfg3NeANLYR7-HbGweDuP2954sr08/getUpdates "HTTP/1.1 200 OK"
2026-09-23 16:54:35,011 INFO httpx: HTTP Request: POST https://api.telegram.org/bot8819716133:AAERtLdfg3NeANLYR7-HbGweDuP2954sr08/getUpdates "HTTP/1.1 200 OK"
2026-09-23 16:54:45,086 INFO httpx: HTTP Request: POST https://api.telegram.org/bot8819716133:AAERtLdfg3NeANLYR7-HbGweDuP2954sr08/getUpdates "HTTP/1.1 200 OK"
2026-09-23 16:54:55,155 INFO httpx: HTTP Request: POST https://api.telegram.org/bot8819716133:AAERtLdfg3NeANLYR7-HbGweDuP2954sr08/getUpdates "HTTP/1.1 200 OK"
2026-09-23 16:55:05,225 INFO httpx: HTTP Request: POST https://api.telegram.org/bot8819716133:AAERtLdfg3NeANLYR7-HbGweDuP2954sr08/getUpdates "HTTP/1.1 200 OK"
2026-09-23 16:55:15,308 INFO httpx: HTTP Request: POST https://api.telegram.org/bot8819716133:AAERtLdfg3NeANLYR7-HbGweDuP2954sr08/getUpdates "HTTP/1.1 200 OK"
2026-09-23 16:55:25,376 INFO httpx: HTTP Request: POST https://api.telegram.org/bot8819716133:AAERtLdfg3NeANLYR7-HbGweDuP2954sr08/getUpdates "HTTP/1.1 200 OK"
2026-09-23 16:55:35,445 INFO httpx: HTTP Request: POST https://api.telegram.org/bot8819716133:AAERtLdfg3NeANLYR7-HbGweDuP2954sr08/getUpdates "HTTP/1.1 200 OK"
2026-09-23 16:55:45,523 INFO httpx: HTTP Request: POST https://api.telegram.org/bot8819716133:AAERtLdfg3NeANLYR7-HbGweDuP2954sr08/getUpdates "HTTP/1.1 200 OK"
2026-09-23 16:55:55,596 INFO httpx: HTTP Request: POST https://api.telegram.org/bot8819716133:AAERtLdfg3NeANLYR7-HbGweDuP2954sr08/getUpdates "HTTP/1.1 200 OK"
2026-09-23 16:56:05,666 INFO httpx: HTTP Request: POST https://api.telegram.org/bot8819716133:AAERtLdfg3NeANLYR7-HbGweDuP2954sr08/getUpdates "HTTP/1.1 200 OK"
2026-09-23 16:56:15,740 INFO httpx: HTTP Request: POST https://api.telegram.org/bot8819716133:AAERtLdfg3NeANLYR7-HbGweDuP2954sr08/getUpdates "HTTP/1.1 200 OK"
2026-09-23 16:56:25,813 INFO httpx: HTTP Request: POST https://api.telegram.org/bot8819716133:AAERtLdfg3NeANLYR7-HbGweDuP2954sr08/getUpdates "HTTP/1.1 200 OK"
2026-09-23 16:56:35,882 INFO httpx: HTTP Request: POST https://api.telegram.org/bot8819716133:AAERtLdfg3NeANLYR7-HbGweDuP2954sr08/getUpdates "HTTP/1.1 200 OK"
2026-09-23 16:56:45,957 INFO httpx: HTTP Request: POST https://api.telegram.org/bot8819716133:AAERtLdfg3NeANLYR7-HbGweDuP2954sr08/getUpdates "HTTP/1.1 200 OK"
2026-09-23 16:56:56,030 INFO httpx: HTTP Request: POST https://api.telegram.org/bot8819716133:AAERtLdfg3NeANLYR7-HbGweDuP2954sr08/getUpdates "HTTP/1.1 200 OK"
2026-09-23 16:57:06,103 INFO httpx: HTTP Request: POST https://api.telegram.org/bot8819716133:AAERtLdfg3NeANLYR7-HbGweDuP2954sr08/getUpdates "HTTP/1.1 200 OK"
2026-09-23 16:57:16,174 INFO httpx: HTTP Request: POST https://api.telegram.org/bot8819716133:AAERtLdfg3NeANLYR7-HbGweDuP2954sr08/getUpdates "HTTP/1.1 200 OK"
2026-09-23 16:57:26,246 INFO httpx: HTTP Request: POST https://api.telegram.org/bot8819716133:AAERtLdfg3NeANLYR7-HbGweDuP2954sr08/getUpdates "HTTP/1.1 200 OK"
2026-09-23 16:57:36,320 INFO httpx: HTTP Request: POST https://api.telegram.org/bot8819716133:AAERtLdfg3NeANLYR7-HbGweDuP2954sr08/getUpdates "HTTP/1.1 200 OK"
2026-09-23 16:57:46,390 INFO httpx: HTTP Request: POST https://api.telegram.org/bot8819716133:AAERtLdfg3NeANLYR7-HbGweDuP2954sr08/getUpdates "HTTP/1.1 200 OK"
2026-09-23 16:57:56,464 INFO httpx: HTTP Request: POST https://api.telegram.org/bot8819716133:AAERtLdfg3NeANLYR7-HbGweDuP2954sr08/getUpdates "HTTP/1.1 200 OK"
2026-09-23 16:58:06,533 INFO httpx: HTTP Request: POST https://api.telegram.org/bot8819716133:AAERtLdfg3NeANLYR7-HbGweDuP2954sr08/getUpdates "HTTP/1.1 200 OK"
2026-09-23 16:58:16,607 INFO httpx: HTTP Request: POST https://api.telegram.org/bot8819716133:AAERtLdfg3NeANLYR7-HbGweDuP2954sr08/getUpdates "HTTP/1.1 200 OK"
2026-09-23 16:58:26,685 INFO httpx: HTTP Request: POST https://api.telegram.org/bot8819716133:AAERtLdfg3NeANLYR7-HbGweDuP2954sr08/getUpdates "HTTP/1.1 200 OK"
2026-09-23 16:58:36,757 INFO httpx: HTTP Request: POST https://api.telegram.org/bot8819716133:AAERtLdfg3NeANLYR7-HbGweDuP2954sr08/getUpdates "HTTP/1.1 200 OK"
2026-09-23 16:58:46,825 INFO httpx: HTTP Request: POST https://api.telegram.org/bot8819716133:AAERtLdfg3NeANLYR7-HbGweDuP2954sr08/getUpdates "HTTP/1.1 200 OK"
2026-09-23 16:58:56,899 INFO httpx: HTTP Request: POST https://api.telegram.org/bot8819716133:AAERtLdfg3NeANLYR7-HbGweDuP2954sr08/getUpdates "HTTP/1.1 200 OK"
2026-09-23 16:59:06,967 INFO httpx: HTTP Request: POST https://api.telegram.org/bot8819716133:AAERtLdfg3NeANLYR7-HbGweDuP2954sr08/getUpdates "HTTP/1.1 200 OK"
2026-09-23 16:59:17,046 INFO httpx: HTTP Request: POST https://api.telegram.org/bot8819716133:AAERtLdfg3NeANLYR7-HbGweDuP2954sr08/getUpdates "HTTP/1.1 200 OK"
2026-09-23 16:59:27,119 INFO httpx: HTTP Request: POST https://api.telegram.org/bot8819716133:AAERtLdfg3NeANLYR7-HbGweDuP2954sr08/getUpdates "HTTP/1.1 200 OK"
2026-09-23 16:59:37,197 INFO httpx: HTTP Request: POST https://api.telegram.org/bot8819716133:AAERtLdfg3NeANLYR7-HbGweDuP2954sr08/getUpdates "HTTP/1.1 200 OK"
2026-09-23 16:59:47,273 INFO httpx: HTTP Request: POST https://api.telegram.org/bot8819716133:AAERtLdfg3NeANLYR7-HbGweDuP2954sr08/getUpdates "HTTP/1.1 200 OK"
2026-09-23 16:59:57,362 INFO httpx: HTTP Request: POST https://api.telegram.org/bot8819716133:AAERtLdfg3NeANLYR7-HbGweDuP2954sr08/getUpdates "HTTP/1.1 200 OK"
2026-09-23 17:00:07,433 INFO httpx: HTTP Request: POST https://api.telegram.org/bot8819716133:AAERtLdfg3NeANLYR7-HbGweDuP2954sr08/getUpdates "HTTP/1.1 200 OK"
2026-09-23 17:00:17,513 INFO httpx: HTTP Request: POST https://api.telegram.org/bot8819716133:AAERtLdfg3NeANLYR7-HbGweDuP2954sr08/getUpdates "HTTP/1.1 200 OK"
2026-09-23 17:00:27,596 INFO httpx: HTTP Request: POST https://api.telegram.org/bot8819716133:AAERtLdfg3NeANLYR7-HbGweDuP2954sr08/getUpdates "HTTP/1.1 200 OK"
2026-09-23 17:00:37,665 INFO httpx: HTTP Request: POST https://api.telegram.org/bot8819716133:AAERtLdfg3NeANLYR7-HbGweDuP2954sr08/getUpdates "HTTP/1.1 200 OK"
2026-09-23 17:00:47,740 INFO httpx: HTTP Request: POST https://api.telegram.org/bot8819716133:AAERtLdfg3NeANLYR7-HbGweDuP2954sr08/getUpdates "HTTP/1.1 200 OK"
2026-09-23 17:00:57,817 INFO httpx: HTTP Request: POST https://api.telegram.org/bot8819716133:AAERtLdfg3NeANLYR7-HbGweDuP2954sr08/getUpdates "HTTP/1.1 200 OK"
2026-09-23 17:01:07,936 INFO httpx: HTTP Request: POST https://api.telegram.org/bot8819716133:AAERtLdfg3NeANLYR7-HbGweDuP2954sr08/getUpdates "HTTP/1.1 200 OK"
2026-09-23 17:01:18,006 INFO httpx: HTTP Request: POST https://api.telegram.org/bot8819716133:AAERtLdfg3NeANLYR7-HbGweDuP2954sr08/getUpdates "HTTP/1.1 200 OK"
2026-09-23 17:01:28,078 INFO httpx: HTTP Request: POST https://api.telegram.org/bot8819716133:AAERtLdfg3NeANLYR7-HbGweDuP2954sr08/getUpdates "HTTP/1.1 200 OK"
2026-09-23 17:01:38,152 INFO httpx: HTTP Request: POST https://api.telegram.org/bot8819716133:AAERtLdfg3NeANLYR7-HbGweDuP2954sr08/getUpdates "HTTP/1.1 200 OK"
2026-09-23 17:01:48,227 INFO httpx: HTTP Request: POST https://api.telegram.org/bot8819716133:AAERtLdfg3NeANLYR7-HbGweDuP2954sr08/getUpdates "HTTP/1.1 200 OK"
2026-09-23 17:01:58,297 INFO httpx: HTTP Request: POST https://api.telegram.org/bot8819716133:AAERtLdfg3NeANLYR7-HbGweDuP2954sr08/getUpdates "HTTP/1.1 200 OK"
2026-09-23 17:02:08,370 INFO httpx: HTTP Request: POST https://api.telegram.org/bot8819716133:AAERtLdfg3NeANLYR7-HbGweDuP2954sr08/getUpdates "HTTP/1.1 200 OK"
2026-09-23 17:02:18,444 INFO httpx: HTTP Request: POST https://api.telegram.org/bot8819716133:AAERtLdfg3NeANLYR7-HbGweDuP2954sr08/getUpdates "HTTP/1.1 200 OK"
2026-09-23 17:02:28,526 INFO httpx: HTTP Request: POST https://api.telegram.org/bot8819716133:AAERtLdfg3NeANLYR7-HbGweDuP2954sr08/getUpdates "HTTP/1.1 200 OK"
2026-09-23 17:02:38,596 INFO httpx: HTTP Request: POST https://api.telegram.org/bot8819716133:AAERtLdfg3NeANLYR7-HbGweDuP2954sr08/getUpdates "HTTP/1.1 200 OK"
2026-09-23 17:02:48,675 INFO httpx: HTTP Request: POST https://api.telegram.org/bot8819716133:AAERtLdfg3NeANLYR7-HbGweDuP2954sr08/getUpdates "HTTP/1.1 200 OK"
2026-09-23 17:02:58,747 INFO httpx: HTTP Request: POST https://api.telegram.org/bot8819716133:AAERtLdfg3NeANLYR7-HbGweDuP2954sr08/getUpdates "HTTP/1.1 200 OK"
2026-09-23 17:03:08,821 INFO httpx: HTTP Request: POST https://api.telegram.org/bot8819716133:AAERtLdfg3NeANLYR7-HbGweDuP2954sr08/getUpdates "HTTP/1.1 200 OK"
2026-09-23 17:03:18,893 INFO httpx: HTTP Request: POST https://api.telegram.org/bot8819716133:AAERtLdfg3NeANLYR7-HbGweDuP2954sr08/getUpdates "HTTP/1.1 200 OK"
2026-09-23 17:03:28,963 INFO httpx: HTTP Request: POST https://api.telegram.org/bot8819716133:AAERtLdfg3NeANLYR7-HbGweDuP2954sr08/getUpdates "HTTP/1.1 200 OK"
2026-09-23 17:03:39,037 INFO httpx: HTTP Request: POST https://api.telegram.org/bot8819716133:AAERtLdfg3NeANLYR7-HbGweDuP2954sr08/getUpdates "HTTP/1.1 200 OK"
2026-09-23 17:03:49,110 INFO httpx: HTTP Request: POST https://api.telegram.org/bot8819716133:AAERtLdfg3NeANLYR7-HbGweDuP2954sr08/getUpdates "HTTP/1.1 200 OK"
2026-09-23 17:03:59,182 INFO httpx: HTTP Request: POST https://api.telegram.org/bot8819716133:AAERtLdfg3NeANLYR7-HbGweDuP2954sr08/getUpdates "HTTP/1.1 200 OK"
2026-09-23 17:04:09,256 INFO httpx: HTTP Request: POST https://api.telegram.org/bot8819716133:AAERtLdfg3NeANLYR7-HbGweDuP2954sr08/getUpdates "HTTP/1.1 200 OK"
2026-09-23 17:04:11,924 INFO apscheduler.executors.default: Running job "check_alerts (trigger: interval[0:15:00], next run at: 2026-09-23 14:19:11 UTC)" (scheduled at 2026-09-23 14:04:11.914663+00:00)
2026-09-23 17:04:11,926 INFO apscheduler.executors.default: Job "check_alerts (trigger: interval[0:15:00], next run at: 2026-09-23 14:19:11 UTC)" executed successfully
2026-09-23 17:04:19,327 INFO httpx: HTTP Request: POST https://api.telegram.org/bot8819716133:AAERtLdfg3NeANLYR7-HbGweDuP2954sr08/getUpdates "HTTP/1.1 200 OK"
2026-09-23 17:04:29,407 INFO httpx: HTTP Request: POST https://api.telegram.org/bot8819716133:AAERtLdfg3NeANLYR7-HbGweDuP2954sr08/getUpdates "HTTP/1.1 200 OK"
2026-09-23 17:04:39,477 INFO httpx: HTTP Request: POST https://api.telegram.org/bot8819716133:AAERtLdfg3NeANLYR7-HbGweDuP2954sr08/getUpdates "HTTP/1.1 200 OK"
2026-09-23 17:04:49,555 INFO httpx: HTTP Request: POST https://api.telegram.org/bot8819716133:AAERtLdfg3NeANLYR7-HbGweDuP2954sr08/getUpdates "HTTP/1.1 200 OK"
2026-09-23 17:04:59,634 INFO httpx: HTTP Request: POST https://api.telegram.org/bot8819716133:AAERtLdfg3NeANLYR7-HbGweDuP2954sr08/getUpdates "HTTP/1.1 200 OK"
2026-09-23 17:05:09,705 INFO httpx: HTTP Request: POST https://api.telegram.org/bot8819716133:AAERtLdfg3NeANLYR7-HbGweDuP2954sr08/getUpdates "HTTP/1.1 200 OK"
2026-09-23 17:05:19,776 INFO httpx: HTTP Request: POST https://api.telegram.org/bot8819716133:AAERtLdfg3NeANLYR7-HbGweDuP2954sr08/getUpdates "HTTP/1.1 200 OK"
2026-09-23 17:05:29,863 INFO httpx: HTTP Request: POST https://api.telegram.org/bot8819716133:AAERtLdfg3NeANLYR7-HbGweDuP2954sr08/getUpdates "HTTP/1.1 200 OK"
2026-09-23 17:05:39,942 INFO httpx: HTTP Request: POST https://api.telegram.org/bot8819716133:AAERtLdfg3NeANLYR7-HbGweDuP2954sr08/getUpdates "HTTP/1.1 200 OK"
2026-09-23 17:05:50,021 INFO httpx: HTTP Request: POST https://api.telegram.org/bot8819716133:AAERtLdfg3NeANLYR7-HbGweDuP2954sr08/getUpdates "HTTP/1.1 200 OK"
2026-09-23 17:06:00,092 INFO httpx: HTTP Request: POST https://api.telegram.org/bot8819716133:AAERtLdfg3NeANLYR7-HbGweDuP2954sr08/getUpdates "HTTP/1.1 200 OK"
2026-09-23 17:06:10,165 INFO httpx: HTTP Request: POST https://api.telegram.org/bot8819716133:AAERtLdfg3NeANLYR7-HbGweDuP2954sr08/getUpdates "HTTP/1.1 200 OK"
2026-09-23 17:06:20,233 INFO httpx: HTTP Request: POST https://api.telegram.org/bot8819716133:AAERtLdfg3NeANLYR7-HbGweDuP2954sr08/getUpdates "HTTP/1.1 200 OK"
2026-09-23 17:06:30,300 INFO httpx: HTTP Request: POST https://api.telegram.org/bot8819716133:AAERtLdfg3NeANLYR7-HbGweDuP2954sr08/getUpdates "HTTP/1.1 200 OK"
2026-09-23 17:06:40,376 INFO httpx: HTTP Request: POST https://api.telegram.org/bot8819716133:AAERtLdfg3NeANLYR7-HbGweDuP2954sr08/getUpdates "HTTP/1.1 200 OK"
2026-09-23 17:06:50,454 INFO httpx: HTTP Request: POST https://api.telegram.org/bot8819716133:AAERtLdfg3NeANLYR7-HbGweDuP2954sr08/getUpdates "HTTP/1.1 200 OK"
2026-09-23 17:07:00,526 INFO httpx: HTTP Request: POST https://api.telegram.org/bot8819716133:AAERtLdfg3NeANLYR7-HbGweDuP2954sr08/getUpdates "HTTP/1.1 200 OK"
2026-09-23 17:07:10,607 INFO httpx: HTTP Request: POST https://api.telegram.org/bot8819716133:AAERtLdfg3NeANLYR7-HbGweDuP2954sr08/getUpdates "HTTP/1.1 200 OK"
